1
(33, 1)
29
(34, 1)
30
23
7
(33, 2)
23
4
(33, 3)
23
4
(33, 4)
29
(34, 1)
30
23
1
(33, 5)
27
4
(33, 6)
29
30
24
1
(33, 7)
24
1
(33, 8)
28
31
1
(33, 9)
23
4
(33, 10)
23
1
(33, 11)
23
(33, 11)
22
(33, 7)
23
(33, 10)
22
(33, 6)
29
(33, 7)
30
23
(33, 9)
22
(33, 7)
12
(34, 2)
23
8
27
(33, 9)
16
(33, 8)
28
31
2
27
(33, 6)
29
(33, 9)
30
16
(33, 1)
28
31
(33, 10)
22
(33, 6)
29
(33, 9)
30
23
(33, 11)
22
(33, 9)
23
32
(33, 9)
22
(33, 9)
12
(34, 2)
23
32
11
(33, 11)
23
32
9
(33, 12)
27
4
(33, 6)
29
30
24
1
(33, 7)
24
1
(33, 8)
28
31
1
(33, 9)
23
1
(33, 11)
23
(33, 9)
22
(33, 7)
23
8
27
(33, 9)
16
(33, 8)
13
(34, 2)
28
31
4
(33, 13)
23
(33, 11)
22
(33, 5)
27
(33, 6)
24
(33, 9)
24
(33, 8)
28
23
(33, 13)
22
(33, 6)
29
(33, 11)
30
23
(33, 6)
29
(33, 11)
30
22
(33, 6)
29
(33, 9)
30
23
(33, 6)
29
(33, 9)
30
22
(33, 13)
23
(33, 9)
22
(33, 9)
12
(34, 2)
23
32
11
23
32
9
(33, 14)
27
9
28
31
1
(33, 9)
23
(33, 2)
22
(36, 1)
23
6
27
(33, 2)
28
23
3
27
(33, 3)
28
23
8
27
(33, 9)
16
(34, 1)
28
31
(33, 2)
22
(36, 2)
23
6
27
(33, 2)
28
23
3
(33, 1)
29
(33, 9)
30
23
(33, 4)
29
(33, 9)
30
22
(33, 1)
29
(33, 9)
30
14
(33, 3)
23
(33, 9)
22
(33, 9)
12
(34, 2)
23
32
11
23
32
9
(33, 15)
27
9
28
31
1
(33, 9)
23
(33, 9)
22
(34, 3)
23
8
27
(33, 9)
16
(34, 1)
28
31
6
(33, 4)
29
(33, 9)
30
23
(33, 9)
22
(33, 9)
12
(34, 2)
23
32
11
23
32
9
(33, 16)
27
9
28
31
(33, 2)
22
(36, 3)
23
6
27
(33, 2)
28
23
(33, 14)
27
28
23
(33, 2)
22
(36, 4)
23
6
27
(33, 2)
28
23
(33, 12)
27
(33, 4)
24
(34, 3)
24
(34, 1)
28
23
(33, 2)
22
(36, 5)
23
6
27
(33, 2)
28
23
(33, 15)
27
28
23
11
23
32
Entry 1: 10
Entry 2: 1
Entry 3: 0
Entry 1: x
Entry 2: s
Entry 3: f1
Entry 4: f2
Entry 5: miniloc
Entry 6: a
Entry 7: low
Entry 8: high
Entry 9: i
Entry 10: y
Entry 11: k
Entry 12: sort
Entry 13: t
Entry 14: readarray
Entry 15: writearray
Entry 16: main
Entry 1: "enter a float number: "
Entry 2: "enter an integer number: "
Entry 3: "reading informationâ€¦.."
Entry 4: "sortingâ€¦.."
Entry 5: "sorted array:"
