9
(33, 1)
27
4
(33, 2)
29
30
24
1
(33, 3)
24
1
(33, 4)
28
31
1
(33, 5)
23
1
(33, 6)
23
(33, 5)
22
(33, 3)
23
8
27
(33, 5)
16
(33, 4)
13
(34, 1)
28
31
4
(33, 7)
23
(33, 6)
22
(33, 8)
27
(33, 2)
24
(33, 5)
24
(33, 4)
28
23
(33, 7)
22
(33, 2)
29
(33, 6)
30
23
(33, 2)
29
(33, 6)
30
22
(33, 2)
29
(33, 5)
30
23
(33, 2)
29
(33, 5)
30
22
(33, 7)
23
(33, 5)
22
(33, 5)
12
(34, 1)
23
32
11
23
32
9
(33, 9)
27
9
28
31
1
(33, 5)
23
(33, 10)
22
(36, 1)
23
6
27
(33, 10)
28
23
3
27
(33, 11)
28
23
8
27
(33, 5)
16
(34, 2)
28
31
(33, 10)
22
(36, 2)
23
6
27
(33, 10)
28
23
3
(33, 12)
29
(33, 5)
30
23
(33, 13)
29
(33, 5)
30
22
(33, 12)
29
(33, 5)
30
14
(33, 11)
23
(33, 5)
22
(33, 5)
12
(34, 1)
23
32
11
23
32
Entry 1: 1
Entry 2: 10
Entry 1: sort
Entry 2: a
Entry 3: low
Entry 4: high
Entry 5: i
Entry 6: k
Entry 7: t
Entry 8: miniloc
Entry 9: readarray
Entry 10: s
Entry 11: f1
Entry 12: x
Entry 13: f2
Entry 1: "enter a float number: "
Entry 2: "enter an integer number: "
